bitextOptions.domainCorpusPath	source.corpus
bitextOptions.codomainCorpusPath	target.corpus
bitextOptions.domainAdditionalCorpusPath	source-additional.corpus.gz
bitextOptions.codomainAdditionalCorpusPath	target-additional.corpus.gz
bitextOptions.domainPOSPath	source.tagmap
bitextOptions.codomainPOSPath	target.tagmap
bitextOptions.lexiconPath	lexicon
probCCA.tau	0.00
probCCA.maxB	2147483647
probCCA.verbose	0
probCCA.scoreType	negL2Dist
probCCA.oldNormHacks	false
probCCA.discardCorrelations	false
probCCA.normalizeProjections	true
ccaInducer.finalNorm	false
ccaInducer.useRankPrior	false
ccaInducer.useL2Dist	false
ccaInducer.penaltyCoef	1.0
ccaInducer.penaltyAlpha	1.05
ccaInducer.doPenaltyLog	true
ccaInducer.penaltyCounts	10.0
exec.create	true
exec.monitor	false
exec.execDir	output
exec.execPoolDir	
exec.actualExecPoolDir	
exec.overwriteExecDir	true
exec.useStandardExecPoolDirStrategy	false
exec.printOptionsAndExit	false
exec.miscOptions	
exec.addToView	
exec.recordPath	
exec.charEncoding	
exec.jarFiles	
exec.dontInitializeJars	false
exec.initializeJarsAfterDirCreation	false
exec.makeThunk	false
exec.thunkAutoQueue	false
exec.thunkPriority	0
exec.thunkMainClassName	
exec.thunkJavaOpts	
exec.thunkUseScala	false
exec.thunkReqMemory	1024
exec.dontCatchExceptions	false
kernelCCA.ccaWeight	1.0
kernelCCA.scaWeight	1.0
kernelCCA.tau	0.8
kernelCCA.scaTau	1.0
kernelCCA.maxB	2147483647
kernelCCA.scaMaxB	2147483647
kernelCCA.method	cholesky
kernelCCA.eta	1.0E-4
kernelCCA.symmetric	false
kernelCCA.ccaNormalize	false
kernelCCA.scaNormalize	false
kernelCCA.verbose	0
kernelCCA.probabilistic	false
kernelCCA.priorVar	1.0
kernelCCA.likelihoodVar	1.0
kernelCCA.weightBases	false
Options.disjointCorpora	false
Options.wordsPOS	noun
Options.contextPOS	noun
Options.uniqueContextPOS	all
Options.numContextWords	2147483647
Options.numWords	2000
Options.windowSize	4
Options.uniqueWindowSize	1
Options.contextType	UNDISTINGUISHED
Options.uniqueContextType	POSITIONAL
Options.eStepType	EXACT_BIPARTITE
Options.seedSize	100
Options.threshLevels	6
Options.orthoWeight	1.0
Options.contextWeight	1.0
Options.similarityWeight	0.0
Options.verbose	false
Options.basePath	en-es
Options.combinedInducer	false
Options.justEditDist	false
Options.useSharedStringKernel	false
Options.stringKernelAlpha	0.9
Options.iters	10
Options.kernelWeight	1.0
Options.editWeight	0.0
Options.rankWeight	0.0
Options.uniqueWeight	0.0
Options.justLogRank	false
Options.useLogCountHack	false
Options.useLogUniqueContextHack	false
Options.iterativeSeedFactor	0.5
Options.numParallelSentences	0
Options.useHardEM	false
Options.useWeightedBootstrap	false
Options.useAlignmentInducer	false
Options.maxNumParallelSentences	5000
Options.maxAdditionalSents	0
Options.maxSentences	2147483647
Options.useDiceSeedMapping	false
Options.printCanonicalPDF	false
Options.numCanonicalPDFWords	6
Options.useEqualWordHack	false
Options.editDistSeed	false
Options.useLogLinear	false
Options.numWindows	0
Options.doRankTest	false
Options.writeSeedDict	false
Options.useProbCCA	true
Options.unitModelType	NONE
log.maxIndLevel	10
log.msPerLine	1000
log.file	output/log
log.stdout	true
log.note	
log.forcePrint	true
log.maxPrintErrors	10000
evalOptions.evalAlpha	1.0
evalOptions.recallTargets	0.1 0.25 0.33 0.5 0.75
logLinear.numIters	10
logLinear.numReductionSteps	10
logLinear.regularization	0.0
logLinear.initType	randomPred
logLinear.initStepSize	1.0
logLinear.temperature	1.0
logLinear.useSeed	false
logLinear.allowNull	false
logLinear.models	forw back
logLinear.features	editDist
logLinear.initRandom	1
logLinear.tmpExample	false
logLinear.convergenceThreshold	1.0E-4
logLinear.maxCholeskyBases	10
logLinear.clampToSeed	true
